// Jest Snapshot v1, https://goo.gl/fbAQLP

exports[`Button component test should handle button render 1`] = `
<div>
  <button>
    Test
  </button>
</div>
`;
